=============================================================
| Action                     | Command Used                 |
| -------------------------- | ---------------------------- |
| Run a test container       | `docker run hello-world`     |
| View containers            | `docker ps` / `docker ps -a` |
| Pull image from Docker Hub | `docker pull ubuntu`         |
| Run interactive shell      | `docker run -it ubuntu`      |
| Exit container             | `exit`                       |
| View images                | `docker images`              |
| Clean stopped containers   | `docker container prune`     |
| Remove image               | `docker rmi <image-name>`    |
==============================================================



PS C:\Windows\system32> docker run hello-world

Hello from Docker!
This message shows that your installation appears to be working correctly.

To generate this message, Docker took the following steps:
 1. The Docker client contacted the Docker daemon.
 2. The Docker daemon pulled the "hello-world" image from the Docker Hub.
    (amd64)
 3. The Docker daemon created a new container from that image which runs the
    executable that produces the output you are currently reading.
 4. The Docker daemon streamed that output to the Docker client, which sent it
    to your terminal.

To try something more ambitious, you can run an Ubuntu container with:
 $ docker run -it ubuntu bash

Share images, automate workflows, and more with a free Docker ID:
 https://hub.docker.com/

For more examples and ideas, visit:
 https://docs.docker.com/get-started/

PS C:\Windows\system32> docker images
REPOSITORY                 TAG       IMAGE ID       CREATED         SIZE
hello-world                latest    940c619fbd41   4 months ago    20.4kB
docker/welcome-to-docker   latest    eedaff45e3c7   19 months ago   29.5MB
PS C:\Windows\system32> docker ps
CONTAINER ID   IMAGE     COMMAND   CREATED   STATUS    PORTS     NAMES
PS C:\Windows\system32> docker ps -a
CONTAINER ID   IMAGE         COMMAND    CREATED          STATUS                      PORTS     NAMES
5d25664e74fd   hello-world   "/hello"   22 seconds ago   Exited (0) 20 seconds ago             charming_ishizaka
PS C:\Windows\system32> docker pull ubuntu
Using default tag: latest
latest: Pulling from library/ubuntu
d9d352c11bbd: Pull complete
Digest: sha256:b59d21599a2b151e23eea5f6602f4af4d7d31c4e236d22bf0b62b86d2e386b8f
Status: Downloaded newer image for ubuntu:latest
docker.io/library/ubuntu:latest
PS C:\Windows\system32> docker run -it ubuntu
root@2a644d1ab4f1:/# ls
bin  boot  dev  etc  home  lib  lib64  media  mnt  opt  proc  root  run  sbin  srv  sys  tmp  usr  var
root@2a644d1ab4f1:/# exit
exit
PS C:\Windows\system32> docker containers
docker: unknown command: docker containers

Run 'docker --help' for more information
PS C:\Windows\system32> docker container
Usage:  docker container COMMAND

Manage containers

Commands:
  attach      Attach local standard input, output, and error streams to a running container
  commit      Create a new image from a container's changes
  cp          Copy files/folders between a container and the local filesystem
  create      Create a new container
  diff        Inspect changes to files or directories on a container's filesystem
  exec        Execute a command in a running container
  export      Export a container's filesystem as a tar archive
  inspect     Display detailed information on one or more containers
  kill        Kill one or more running containers
  logs        Fetch the logs of a container
  ls          List containers
  pause       Pause all processes within one or more containers
  port        List port mappings or a specific mapping for the container
  prune       Remove all stopped containers
  rename      Rename a container
  restart     Restart one or more containers
  rm          Remove one or more containers
  run         Create and run a new container from an image
  start       Start one or more stopped containers
  stats       Display a live stream of container(s) resource usage statistics
  stop        Stop one or more running containers
  top         Display the running processes of a container
  unpause     Unpause all processes within one or more containers
  update      Update configuration of one or more containers
  wait        Block until one or more containers stop, then print their exit codes

Run 'docker container COMMAND --help' for more information on a command.
PS C:\Windows\system32> docker ps
CONTAINER ID   IMAGE     COMMAND   CREATED   STATUS    PORTS     NAMES
PS C:\Windows\system32> docker ps -a
CONTAINER ID   IMAGE         COMMAND       CREATED              STATUS                          PORTS     NAMES
2a644d1ab4f1   ubuntu        "/bin/bash"   32 seconds ago       Exited (0) 25 seconds ago                 hungry_ellis
5d25664e74fd   hello-world   "/hello"      About a minute ago   Exited (0) About a minute ago             charming_ishizaka
PS C:\Windows\system32> docker container
Usage:  docker container COMMAND

Manage containers

Commands:
  attach      Attach local standard input, output, and error streams to a running container
  commit      Create a new image from a container's changes
  cp          Copy files/folders between a container and the local filesystem
  create      Create a new container
  diff        Inspect changes to files or directories on a container's filesystem
  exec        Execute a command in a running container
  export      Export a container's filesystem as a tar archive
  inspect     Display detailed information on one or more containers
  kill        Kill one or more running containers
  logs        Fetch the logs of a container
  ls          List containers
  pause       Pause all processes within one or more containers
  port        List port mappings or a specific mapping for the container
  prune       Remove all stopped containers
  rename      Rename a container
  restart     Restart one or more containers
  rm          Remove one or more containers
  run         Create and run a new container from an image
  start       Start one or more stopped containers
  stats       Display a live stream of container(s) resource usage statistics
  stop        Stop one or more running containers
  top         Display the running processes of a container
  unpause     Unpause all processes within one or more containers
  update      Update configuration of one or more containers
  wait        Block until one or more containers stop, then print their exit codes

Run 'docker container COMMAND --help' for more information on a command.
PS C:\Windows\system32> docker container prune
WARNING! This will remove all stopped containers.
Are you sure you want to continue? [y/N] Y
Deleted Containers:
2a644d1ab4f1b2ef143a0d7e298fd6060a52957f2c7e165d3b26b5b2bf24f149
5d25664e74fdf464c6a61b2ee6387a8b423cfb5a0e97dd4acb48afd2264b6480

Total reclaimed space: 16.38kB
PS C:\Windows\system32> docker images
REPOSITORY                 TAG       IMAGE ID       CREATED         SIZE
ubuntu                     latest    b59d21599a2b   13 days ago     117MB
hello-world                latest    940c619fbd41   4 months ago    20.4kB
docker/welcome-to-docker   latest    eedaff45e3c7   19 months ago   29.5MB
PS C:\Windows\system32> docker ps -a
CONTAINER ID   IMAGE     COMMAND   CREATED   STATUS    PORTS     NAMES
PS C:\Windows\system32> docker image prune
WARNING! This will remove all dangling images.
Are you sure you want to continue? [y/N] Y
Total reclaimed space: 0B
PS C:\Windows\system32> docker images
REPOSITORY                 TAG       IMAGE ID       CREATED         SIZE
ubuntu                     latest    b59d21599a2b   13 days ago     117MB
hello-world                latest    940c619fbd41   4 months ago    20.4kB
docker/welcome-to-docker   latest    eedaff45e3c7   19 months ago   29.5MB
PS C:\Windows\system32> docker rmi ubuntu
Untagged: ubuntu:latest
Deleted: sha256:b59d21599a2b151e23eea5f6602f4af4d7d31c4e236d22bf0b62b86d2e386b8f
PS C:\Windows\system32> docker images
REPOSITORY                 TAG       IMAGE ID       CREATED         SIZE
hello-world                latest    940c619fbd41   4 months ago    20.4kB
docker/welcome-to-docker   latest    eedaff45e3c7   19 months ago   29.5MB
PS C:\Windows\system32>